I'm sorry, but errors were detected in your script. Please correct the
errors listed below, and try again.


File "game/script.rpy", line 3: is not terminated with a newline. (Check strings and parenthesis.)
    define k = Character("Keiji", color=

File "game/variables.rpy", line 24: expected statement.
    SAE_REVEAL = true
               ^

File "game/variables.rpy", line 26: expected statement.
    SAE_REVEAL = false
               ^

Ren'Py Version: Ren'Py 8.3.7.25031702
Fri Oct 10 15:38:52 2025
